
Merging program properties

Removed property 0xc0000002 to merge /usr/bin/../lib64/gcc/x86_64-pc-linux-gnu/15.2.1/../../../../lib64/Scrt1.o (0x3) and build/dummy.o (not found)
Removed property 0xc0010001 to merge /usr/bin/../lib64/gcc/x86_64-pc-linux-gnu/15.2.1/../../../../lib64/Scrt1.o (0x1) and build/dummy.o (not found)
Removed property 0xc0010002 to merge /usr/bin/../lib64/gcc/x86_64-pc-linux-gnu/15.2.1/../../../../lib64/Scrt1.o (0x1) and build/dummy.o (not found)
Removed property 0xc0000002 to merge /usr/bin/../lib64/gcc/x86_64-pc-linux-gnu/15.2.1/../../../../lib64/Scrt1.o (not found) and /usr/bin/../lib64/gcc/x86_64-pc-linux-gnu/15.2.1/crtendS.o (0x3)
Removed property 0xc0010001 to merge /usr/bin/../lib64/gcc/x86_64-pc-linux-gnu/15.2.1/../../../../lib64/Scrt1.o (not found) and /usr/bin/../lib64/gcc/x86_64-pc-linux-gnu/15.2.1/crtendS.o (0x1)
Removed property 0xc0010002 to merge /usr/bin/../lib64/gcc/x86_64-pc-linux-gnu/15.2.1/../../../../lib64/Scrt1.o (not found) and /usr/bin/../lib64/gcc/x86_64-pc-linux-gnu/15.2.1/crtendS.o (0x0)
Removed property 0xc0000002 to merge /usr/bin/../lib64/gcc/x86_64-pc-linux-gnu/15.2.1/../../../../lib64/Scrt1.o (not found) and /usr/bin/../lib64/gcc/x86_64-pc-linux-gnu/15.2.1/../../../../lib64/crtn.o (0x3)
Removed property 0xc0010001 to merge /usr/bin/../lib64/gcc/x86_64-pc-linux-gnu/15.2.1/../../../../lib64/Scrt1.o (not found) and /usr/bin/../lib64/gcc/x86_64-pc-linux-gnu/15.2.1/../../../../lib64/crtn.o (0x1)
Removed property 0xc0010002 to merge /usr/bin/../lib64/gcc/x86_64-pc-linux-gnu/15.2.1/../../../../lib64/Scrt1.o (not found) and /usr/bin/../lib64/gcc/x86_64-pc-linux-gnu/15.2.1/../../../../lib64/crtn.o (0x1)

Discarded input sections

 .rodata.cst4   0x0000000000000000        0x4 /usr/bin/../lib64/gcc/x86_64-pc-linux-gnu/15.2.1/../../../../lib64/Scrt1.o
 .sframe        0x0000000000000000        0x0 /usr/bin/../lib64/gcc/x86_64-pc-linux-gnu/15.2.1/../../../../lib64/Scrt1.o
 .data          0x0000000000000000        0x4 /usr/bin/../lib64/gcc/x86_64-pc-linux-gnu/15.2.1/../../../../lib64/Scrt1.o
 .bss           0x0000000000000000        0x0 /usr/bin/../lib64/gcc/x86_64-pc-linux-gnu/15.2.1/../../../../lib64/Scrt1.o
 .gnu_debuglink
                0x0000000000000000       0x14 /usr/bin/../lib64/gcc/x86_64-pc-linux-gnu/15.2.1/../../../../lib64/Scrt1.o
 .text          0x0000000000000000        0x0 /usr/bin/../lib64/gcc/x86_64-pc-linux-gnu/15.2.1/../../../../lib64/crti.o
 .data          0x0000000000000000        0x0 /usr/bin/../lib64/gcc/x86_64-pc-linux-gnu/15.2.1/../../../../lib64/crti.o
 .bss           0x0000000000000000        0x0 /usr/bin/../lib64/gcc/x86_64-pc-linux-gnu/15.2.1/../../../../lib64/crti.o
 .note.gnu.property
                0x0000000000000000       0x50 /usr/bin/../lib64/gcc/x86_64-pc-linux-gnu/15.2.1/../../../../lib64/crti.o
 .gnu_debuglink
                0x0000000000000000       0x14 /usr/bin/../lib64/gcc/x86_64-pc-linux-gnu/15.2.1/../../../../lib64/crti.o
 .data          0x0000000000000000        0x0 /usr/bin/../lib64/gcc/x86_64-pc-linux-gnu/15.2.1/crtbeginS.o
 .note.gnu.property
                0x0000000000000000       0x50 /usr/bin/../lib64/gcc/x86_64-pc-linux-gnu/15.2.1/crtbeginS.o
 .gnu_debuglink
                0x0000000000000000       0x18 /usr/bin/../lib64/gcc/x86_64-pc-linux-gnu/15.2.1/crtbeginS.o
 .text          0x0000000000000000        0x1 build/dummy.o
 .llvm_addrsig  0x0000000000000000        0x0 build/dummy.o
 .text          0x0000000000000000        0x0 build/doomdef.o
 .comment       0x0000000000000000       0x16 build/doomdef.o
 .note.GNU-stack
                0x0000000000000000        0x0 build/doomdef.o
 .llvm_addrsig  0x0000000000000000        0x0 build/doomdef.o
 .text          0x0000000000000000        0x0 build/doomstat.o
 .llvm_addrsig  0x0000000000000000        0x0 build/doomstat.o
 .text          0x0000000000000000        0x0 build/dstrings.o
 .llvm_addrsig  0x0000000000000000        0x0 build/dstrings.o
 .llvm_addrsig  0x0000000000000000        0x1 build/d_event.o
 .text          0x0000000000000000        0x0 build/d_items.o
 .llvm_addrsig  0x0000000000000000        0x0 build/d_items.o
 .llvm_addrsig  0x0000000000000000        0x1 build/d_iwad.o
 .llvm_addrsig  0x0000000000000000        0x3 build/d_loop.o
 .llvm_addrsig  0x0000000000000000       0x25 build/d_main.o
 .llvm_addrsig  0x0000000000000000        0x0 build/d_mode.o
 .llvm_addrsig  0x0000000000000000        0x7 build/d_net.o
 .llvm_addrsig  0x0000000000000000        0x2 build/f_finale.o
 .llvm_addrsig  0x0000000000000000        0x6 build/f_wipe.o
 .llvm_addrsig  0x0000000000000000       0x1e build/g_game.o
 .llvm_addrsig  0x0000000000000000        0x0 build/hu_lib.o
 .llvm_addrsig  0x0000000000000000        0xb build/hu_stuff.o
 .text          0x0000000000000000        0x0 build/info.o
 .llvm_addrsig  0x0000000000000000       0x4a build/info.o
 .text          0x0000000000000000       0x23 build/i_cdmus.o
 .bss           0x0000000000000000        0x4 build/i_cdmus.o
[...]
Memory Configuration

Name             Origin             Length             Attributes
*default*        0x0000000000000000 0xffffffffffffffff

Linker script and memory map

LOAD /usr/bin/../lib64/gcc/x86_64-pc-linux-gnu/15.2.1/../../../../lib64/Scrt1.o
LOAD /usr/bin/../lib64/gcc/x86_64-pc-linux-gnu/15.2.1/../../../../lib64/crti.o
LOAD /usr/bin/../lib64/gcc/x86_64-pc-linux-gnu/15.2.1/crtbeginS.o
LOAD build/dummy.o
LOAD build/am_map.o
LOAD build/doomdef.o
LOAD build/doomstat.o
LOAD build/dstrings.o
LOAD build/d_event.o
LOAD build/d_items.o
LOAD build/d_iwad.o
LOAD build/d_loop.o
LOAD build/d_main.o
LOAD build/d_mode.o
LOAD build/d_net.o
LOAD build/f_finale.o
LOAD build/f_wipe.o
LOAD build/g_game.o
LOAD build/hu_lib.o
LOAD build/hu_stuff.o
LOAD build/info.o
LOAD build/i_cdmus.o
LOAD build/i_endoom.o
LOAD build/i_joystick.o
LOAD build/i_scale.o
LOAD build/i_sound.o
LOAD build/i_system.o
LOAD build/i_timer.o
LOAD build/memio.o
LOAD build/m_argv.o
LOAD build/m_bbox.o
LOAD build/m_cheat.o
LOAD build/m_config.o
LOAD build/m_controls.o
LOAD build/m_fixed.o
LOAD build/m_menu.o
LOAD build/m_misc.o
LOAD build/m_random.o
LOAD build/p_ceilng.o
LOAD build/p_doors.o
LOAD build/p_enemy.o
LOAD build/p_floor.o
LOAD build/p_inter.o
LOAD build/p_lights.o
LOAD build/p_map.o
LOAD build/p_maputl.o
LOAD build/p_mobj.o
LOAD build/p_plats.o
LOAD build/p_pspr.o
LOAD build/p_saveg.o
LOAD build/p_setup.o
LOAD build/p_sight.o
LOAD build/p_spec.o
LOAD build/p_switch.o
LOAD build/p_telept.o
LOAD build/p_tick.o
LOAD build/p_user.o
LOAD build/r_bsp.o
LOAD build/r_data.o
LOAD build/r_draw.o
LOAD build/r_main.o
LOAD build/r_plane.o
LOAD build/r_segs.o
LOAD build/r_sky.o
LOAD build/r_things.o
LOAD build/sha1.o
LOAD build/sounds.o
LOAD build/statdump.o
LOAD build/st_lib.o
LOAD build/st_stuff.o
LOAD build/s_sound.o
LOAD build/tables.o
LOAD build/v_video.o
LOAD build/wi_stuff.o
LOAD build/w_checksum.o
LOAD build/w_file.o
LOAD build/w_main.o
LOAD build/w_wad.o
LOAD build/z_zone.o
LOAD build/w_file_stdc.o
LOAD build/i_input.o
LOAD build/i_video.o
LOAD build/doomgeneric.o
LOAD build/doomgeneric_xlib.o
LOAD /usr/bin/../lib64/gcc/x86_64-pc-linux-gnu/15.2.1/../../../../lib64/libm.so
START GROUP
LOAD /usr/lib/libm.so.6
LOAD /usr/lib/libmvec.so.1
END GROUP
LOAD /usr/bin/../lib64/gcc/x86_64-pc-linux-gnu/15.2.1/../../../../lib64/libc.so
START GROUP
LOAD /usr/lib/libc.so.6
LOAD /usr/lib/libc_nonshared.a
LOAD /usr/lib/ld-linux-x86-64.so.2
END GROUP
LOAD /usr/bin/../lib64/gcc/x86_64-pc-linux-gnu/15.2.1/../../../../lib64/libX11.so
LOAD /usr/bin/../lib64/gcc/x86_64-pc-linux-gnu/15.2.1/libgcc.a
LOAD /usr/bin/../lib64/gcc/x86_64-pc-linux-gnu/15.2.1/../../../../lib64/libgcc_s.so
START GROUP
LOAD /usr/bin/../lib64/gcc/x86_64-pc-linux-gnu/15.2.1/../../../../lib64/libgcc_s.so.1
LOAD /usr/bin/../lib64/gcc/x86_64-pc-linux-gnu/15.2.1/libgcc.a
END GROUP
LOAD /usr/bin/../lib64/gcc/x86_64-pc-linux-gnu/15.2.1/../../../../lib64/libc.so
START GROUP
LOAD /usr/lib/libc.so.6
LOAD /usr/lib/libc_nonshared.a
LOAD /usr/lib/ld-linux-x86-64.so.2
END GROUP
LOAD /usr/bin/../lib64/gcc/x86_64-pc-linux-gnu/15.2.1/libgcc.a
LOAD /usr/bin/../lib64/gcc/x86_64-pc-linux-gnu/15.2.1/../../../../lib64/libgcc_s.so
START GROUP
LOAD /usr/bin/../lib64/gcc/x86_64-pc-linux-gnu/15.2.1/../../../../lib64/libgcc_s.so.1
LOAD /usr/bin/../lib64/gcc/x86_64-pc-linux-gnu/15.2.1/libgcc.a
END GROUP
LOAD /usr/bin/../lib64/gcc/x86_64-pc-linux-gnu/15.2.1/crtendS.o
LOAD /usr/bin/../lib64/gcc/x86_64-pc-linux-gnu/15.2.1/../../../../lib64/crtn.o
                [!provide]                        PROVIDE (__executable_start = SEGMENT_START ("text-segment", 0x0))
                0x0000000000000350                . = (SEGMENT_START ("text-segment", 0x0) + SIZEOF_HEADERS)

.note.gnu.property
                0x0000000000000350       0x20
 .note.gnu.property
                0x0000000000000350       0x20 /usr/bin/../lib64/gcc/x86_64-pc-linux-gnu/15.2.1/../../../../lib64/Scrt1.o

.note.gnu.build-id
                0x0000000000000370       0x24
 *(.note.gnu.build-id)
 .note.gnu.build-id
                0x0000000000000370       0x24 /usr/bin/../lib64/gcc/x86_64-pc-linux-gnu/15.2.1/../../../../lib64/Scrt1.o

.interp         0x0000000000000394       0x1c
 *(.interp)
 .interp        0x0000000000000394       0x1c /usr/bin/../lib64/gcc/x86_64-pc-linux-gnu/15.2.1/../../../../lib64/Scrt1.o

.hash
 *(.hash)

.gnu.hash       0x00000000000003b0       0x1c
 *(.gnu.hash)
 .gnu.hash      0x00000000000003b0       0x1c /usr/bin/../lib64/gcc/x86_64-pc-linux-gnu/15.2.1/../../../../lib64/Scrt1.o

.dynsym         0x00000000000003d0      0x618
 *(.dynsym)
 .dynsym        0x00000000000003d0      0x618 /usr/bin/../lib64/gcc/x86_64-pc-linux-gnu/15.2.1/../../../../lib64/Scrt1.o

.dynstr         0x00000000000009e8      0x2e5
 *(.dynstr)
 .dynstr        0x00000000000009e8      0x2e5 /usr/bin/../lib64/gcc/x86_64-pc-linux-gnu/15.2.1/../../../../lib64/Scrt1.o

.gnu.version    0x0000000000000cce       0x82
 *(.gnu.version)
 .gnu.version   0x0000000000000cce       0x82 /usr/bin/../lib64/gcc/x86_64-pc-linux-gnu/15.2.1/../../../../lib64/Scrt1.o

.gnu.version_d  0x0000000000000d50        0x0
 *(.gnu.version_d)
 .gnu.version_d
                0x0000000000000d50        0x0 /usr/bin/../lib64/gcc/x86_64-pc-linux-gnu/15.2.1/../../../../lib64/Scrt1.o

.gnu.version_r  0x0000000000000d50       0x70
 *(.gnu.version_r)
 .gnu.version_r
                0x0000000000000d50       0x70 /usr/bin/../lib64/gcc/x86_64-pc-linux-gnu/15.2.1/../../../../lib64/Scrt1.o

.rela.dyn       0x0000000000000dc0     0x76b0
 *(.rela.init)
 *(.rela.text .rela.text.* .rela.gnu.linkonce.t.*)
 *(.rela.fini)
 *(.rela.rodata .rela.rodata.* .rela.gnu.linkonce.r.*)
 *(.rela.data .rela.data.* .rela.gnu.linkonce.d.*)
 .rela.data.rel.ro
                0x0000000000000dc0      0x780 /usr/bin/../lib64/gcc/x86_64-pc-linux-gnu/15.2.1/../../../../lib64/Scrt1.o
 .rela.data.rel.local
                0x0000000000001540       0x18 /usr/bin/../lib64/gcc/x86_64-pc-linux-gnu/15.2.1/../../../../lib64/Scrt1.o
 .rela.data     0x0000000000001558     0x6c90 /usr/bin/../lib64/gcc/x86_64-pc-linux-gnu/15.2.1/../../../../lib64/Scrt1.o
 *(.rela.tdata .rela.tdata.* .rela.gnu.linkonce.td.*)
 *(.rela.tbss .rela.tbss.* .rela.gnu.linkonce.tb.*)
 *(.rela.ctors)
 *(.rela.dtors)
 *(.rela.got)
 .rela.got      0x00000000000081e8      0x258 /usr/bin/../lib64/gcc/x86_64-pc-linux-gnu/15.2.1/../../../../lib64/Scrt1.o
 *(.rela.bss .rela.bss.* .rela.gnu.linkonce.b.*)
 .rela.bss      0x0000000000008440        0x0 /usr/bin/../lib64/gcc/x86_64-pc-linux-gnu/15.2.1/../../../../lib64/Scrt1.o
 *(.rela.ldata .rela.ldata.* .rela.gnu.linkonce.l.*)
 *(.rela.lbss .rela.lbss.* .rela.gnu.linkonce.lb.*)
 *(.rela.lrodata .rela.lrodata.* .rela.gnu.linkonce.lr.*)
 *(.rela.ifunc)
 .rela.ifunc    0x0000000000008440        0x0 /usr/bin/../lib64/gcc/x86_64-pc-linux-gnu/15.2.1/../../../../lib64/Scrt1.o
 .rela.fini_array
                0x0000000000008440       0x18 /usr/bin/../lib64/gcc/x86_64-pc-linux-gnu/15.2.1/../../../../lib64/Scrt1.o
 .rela.init_array
                0x0000000000008458       0x18 /usr/bin/../lib64/gcc/x86_64-pc-linux-gnu/15.2.1/../../../../lib64/Scrt1.o

.rela.plt       0x0000000000008470      0x570
 *(.rela.plt)
 .rela.plt      0x0000000000008470      0x570 /usr/bin/../lib64/gcc/x86_64-pc-linux-gnu/15.2.1/../../../../lib64/Scrt1.o
 *(.rela.iplt)

.relr.dyn
 *(.relr.dyn)
                0x0000000000009000                . = ALIGN (CONSTANT (MAXPAGESIZE))

.init           0x0000000000009000       0x1b
 *(SORT_NONE(.init))
 .init          0x0000000000009000       0x16 /usr/bin/../lib64/gcc/x86_64-pc-linux-gnu/15.2.1/../../../../lib64/crti.o
                0x0000000000009000                _init
 .init          0x0000000000009016        0x5 /usr/bin/../lib64/gcc/x86_64-pc-linux-gnu/15.2.1/../../../../lib64/crtn.o

.plt            0x0000000000009020      0x3b0
 *(.plt)
 .plt           0x0000000000009020      0x3b0 /usr/bin/../lib64/gcc/x86_64-pc-linux-gnu/15.2.1/../../../../lib64/Scrt1.o
                0x0000000000009030                XkbSetDetectableAutoRepeat
                0x0000000000009040                printf@@GLIBC_2.2.5
                0x0000000000009050                memset@@GLIBC_2.2.5
                0x0000000000009060                ftell@@GLIBC_2.2.5
                0x0000000000009070                snprintf@@GLIBC_2.2.5
                0x0000000000009080                memchr@@GLIBC_2.2.5
                0x0000000000009090                puts@@GLIBC_2.2.5
                0x00000000000090a0                fseek@@GLIBC_2.2.5
                0x00000000000090b0                __isoc99_sscanf@@GLIBC_2.7
                0x00000000000090c0                toupper@@GLIBC_2.2.5
                0x00000000000090d0                exit@@GLIBC_2.2.5
                0x00000000000090e0                XCreateImage
                0x00000000000090f0                strcasecmp@@GLIBC_2.2.5
                0x0000000000009100                gettimeofday@@GLIBC_2.2.5
                0x0000000000009110                putchar@@GLIBC_2.2.5
                0x0000000000009120                strncmp@@GLIBC_2.2.5
                0x0000000000009130                malloc@@GLIBC_2.2.5
                0x0000000000009140                fopen@@GLIBC_2.2.5
                0x0000000000009150                system@@GLIBC_2.2.5
                0x0000000000009160                XkbKeycodeToKeysym
                0x0000000000009170                XCreateSimpleWindow
                0x0000000000009180                XOpenDisplay
                0x0000000000009190                atof@@GLIBC_2.2.5
                0x00000000000091a0                vfprintf@@GLIBC_2.2.5
                0x00000000000091b0                __ctype_toupper_loc@@GLIBC_2.3
                0x00000000000091c0                free@@GLIBC_2.2.5
                0x00000000000091d0                strlen@@GLIBC_2.2.5
                0x00000000000091e0                XSetForeground
                0x00000000000091f0                strrchr@@GLIBC_2.2.5
                0x0000000000009200                XNextEvent
                0x0000000000009210                usleep@@GLIBC_2.2.5
                0x0000000000009220                strstr@@GLIBC_2.2.5
                0x0000000000009230                atoi@@GLIBC_2.2.5
                0x0000000000009240                XMapWindow
                0x0000000000009250                vsnprintf@@GLIBC_2.2.5
                0x0000000000009260                fread@@GLIBC_2.2.5
                0x0000000000009270                XCreateGC
                0x0000000000009280                XSelectInput
                0x0000000000009290                __errno_location@@GLIBC_2.2.5
                0x00000000000092a0                strdup@@GLIBC_2.2.5
                0x00000000000092b0                strncasecmp@@GLIBC_2.2.5
                0x00000000000092c0                __stack_chk_fail@@GLIBC_2.4
                0x00000000000092d0                XPutImage
                0x00000000000092e0                strcmp@@GLIBC_2.2.5
                0x00000000000092f0                tolower@@GLIBC_2.2.5
                0x0000000000009300                calloc@@GLIBC_2.2.5
                0x0000000000009310                fclose@@GLIBC_2.2.5
                0x0000000000009320                remove@@GLIBC_2.2.5
                0x0000000000009330                strncpy@@GLIBC_2.2.5
                0x0000000000009340                XChangeProperty
                0x0000000000009350                fwrite@@GLIBC_2.2.5
                0x0000000000009360                realloc@@GLIBC_2.2.5
                0x0000000000009370                fprintf@@GLIBC_2.2.5
                0x0000000000009380                memcpy@@GLIBC_2.14
                0x0000000000009390                rename@@GLIBC_2.2.5
                0x00000000000093a0                XPending
                0x00000000000093b0                mkdir@@GLIBC_2.2.5
                0x00000000000093c0                fflush@@GLIBC_2.2.5
 *(.iplt)

.plt.got        0x00000000000093d0        0x0
 *(.plt.got)
 .plt.got       0x00000000000093d0        0x0 /usr/bin/../lib64/gcc/x86_64-pc-linux-gnu/15.2.1/../../../../lib64/Scrt1.o

.plt.sec
 *(.plt.sec)

.text           0x00000000000093d0    0x2a617
 *(.text.unlikely .text.*_unlikely .text.unlikely.*)
 .text.unlikely.
                0x00000000000093d0      0x250 build/i_system.o
                0x00000000000093d0                I_Error
 *(.text.exit .text.exit.*)
 *(.text.startup .text.startup.*)
 *(.text.hot .text.hot.*)
 *(SORT_BY_NAME(.text.sorted.*))
 *(.text .stub .text.* .gnu.linkonce.t.*)
 .text          0x0000000000009620       0x26 /usr/bin/../lib64/gcc/x86_64-pc-linux-gnu/15.2.1/../../../../lib64/Scrt1.o
                0x0000000000009620                _start
 *fill*         0x0000000000009646        0xa 
 .text          0x0000000000009650       0xc9 /usr/bin/../lib64/gcc/x86_64-pc-linux-gnu/15.2.1/crtbeginS.o
 *fill*         0x0000000000009719        0x7 
 .text          0x0000000000009720     0x2281 build/am_map.o
                0x0000000000009720                AM_getIslope
                0x00000000000097b0                AM_activateNewScale
                0x0000000000009870                AM_saveScaleAndLoc
                0x00000000000098a0                AM_restoreScaleAndLoc
                0x0000000000009960                AM_addMark
                0x00000000000099d0                AM_findMinMaxBoundaries
                0x0000000000009b90                AM_changeWindowLoc
                0x0000000000009c70                AM_initVariables
                0x0000000000009dd0                AM_loadPics
                0x0000000000009e20                AM_unloadPics
                0x0000000000009e60                AM_clearMarks
                0x0000000000009e90                AM_LevelInit
                0x0000000000009f30                AM_Stop
                0x0000000000009f90                AM_Start
                0x000000000000a080                AM_minOutWindowScale
                0x000000000000a0b0                AM_maxOutWindowScale
                0x000000000000a0e0                AM_Responder
                0x000000000000a640                AM_changeWindowScale
                0x000000000000a6c0                AM_doFollowPlayer
                0x000000000000a7a0                AM_updateLightLev
                0x000000000000a810                AM_Ticker
                0x000000000000a8c0                AM_clearFB
                0x000000000000a8f0                AM_clipMline
                0x000000000000adb0                AM_drawFline
                0x000000000000af70                AM_drawMline
                0x000000000000afc0                AM_drawGrid
                0x000000000000b130                AM_drawWalls
                0x000000000000b3f0                AM_rotate
                0x000000000000b470                AM_drawLineCharacter
                0x000000000000b630                AM_drawPlayers
                0x000000000000b750                AM_drawThings
                0x000000000000b7d0                AM_drawMarks
                0x000000000000b8b0                AM_drawCrosshair
                0x000000000000b8e0                AM_Drawer
 *fill*         0x000000000000b9a1        0x3 
 .text          0x000000000000b9a4       0x77 build/d_event.o
                0x000000000000b9a4                D_PostEvent
                0x000000000000b9df                D_PopEvent
 *fill*         0x000000000000ba1b        0x1 
 .text          0x000000000000ba1c      0x442 build/d_iwad.o
                0x000000000000ba1c                D_FindWADByName
                0x000000000000bb47                D_TryFindWADByName
                0x000000000000bb59                D_FindIWAD
                0x000000000000bd52                D_FindAllIWADs
                0x000000000000bdc9                D_SaveGameIWADName
                0x000000000000bdf5                D_SuggestIWADName
                0x000000000000be27                D_SuggestGameName
 *fill*         0x000000000000be5e        0x2 
 .text          0x000000000000be60      0x630 build/d_loop.o
                0x000000000000be60                NetUpdate
                0x000000000000c015                D_ReceiveTic
                0x000000000000c0af                D_StartGameLoop
                0x000000000000c0fc                D_StartNetGame
                0x000000000000c133                D_InitNetGame
                0x000000000000c155                D_QuitNetGame
                0x000000000000c156                TryRunTics
                0x000000000000c488                D_RegisterLoopCallbacks
 .text          0x000000000000c490     0x16a7 build/d_main.o
                0x000000000000c490                D_ProcessEvents
                0x000000000000c4cb                D_Display
                0x000000000000c86c                D_PageDrawer
                0x000000000000c88b                D_BindVariables
                0x000000000000ca09                D_GrabMouseCallback
                0x000000000000ca4a                doomgeneric_Tick
                0x000000000000ca8a                D_DoomLoop
                0x000000000000cb39                D_PageTicker
                0x000000000000cb58                D_AdvanceDemo
                0x000000000000cb63                D_DoAdvanceDemo
                0x000000000000cd53                D_StartTitle
                0x000000000000cd75                D_IdentifyVersion
                0x000000000000cf26                D_SetGameDescription
                0x000000000000cfed                PrintDehackedBanners
                0x000000000000cfee                PrintGameVersion
                0x000000000000d03a                D_DoomMain
 *fill*         0x000000000000db37        0x1 
 .text          0x000000000000db38      0x154 build/d_mode.o
                0x000000000000db38                D_ValidGameMode
                0x000000000000db64                D_ValidEpisodeMap
                0x000000000000dbe7                D_GetNumEpisodes
                0x000000000000dc16                D_ValidGameVersion
                0x000000000000dc5a                D_IsEpisodeMap
                0x000000000000dc6e                D_GameMissionString
 .text          0x000000000000dc8c      0x45a build/d_net.o
                0x000000000000dc8c                D_ConnectNetGame
                0x000000000000dda1                D_CheckNetGame
 *fill*         0x000000000000e0e6        0x2 
 .text          0x000000000000e0e8      0xc2f build/f_finale.o
                0x000000000000e0e8                F_StartFinale
                0x000000000000e1d9                F_Responder
                0x000000000000e1e9                F_CastResponder
                0x000000000000e26f                F_Ticker
                0x000000000000e353                F_StartCast
                0x000000000000e3ce                F_CastTicker
                0x000000000000e7fd                F_TextWrite
                0x000000000000e92b                F_CastPrint
                0x000000000000e9e7                F_CastDrawer
                0x000000000000ea89                F_DrawPatchCol
                0x000000000000eaee                F_BunnyScroll
                0x000000000000ec8e                F_Drawer
 *fill*         0x000000000000ed17        0x1 
 .text          0x000000000000ed18      0x4b7 build/f_wipe.o
                0x000000000000ed18                wipe_shittyColMajorXform
                0x000000000000eda9                wipe_initColorXForm
                0x000000000000edcd                wipe_doColorXForm
                0x000000000000ee33                wipe_exitColorXForm
                0x000000000000ee36                wipe_initMelt
                0x000000000000ef2a                wipe_doMelt
                0x000000000000f08f                wipe_exitMelt
                0x000000000000f0b8                wipe_StartScreen
                0x000000000000f0dd                wipe_EndScreen
                0x000000000000f131                wipe_ScreenWipe
 *fill*         0x000000000000f1cf        0x1 
 .text          0x000000000000f1d0     0x26b4 build/g_game.o
                0x000000000000f1d0                G_CmdChecksum
                0x000000000000f1d9                G_BuildTiccmd
                0x000000000000f957                G_DoLoadLevel
                0x000000000000fb15                G_Responder
                0x000000000000fe49                G_Ticker
                0x000000000001023e                G_DoReborn
                0x0000000000010310                G_DoNewGame
                0x000000000001037c                G_DoLoadGame
                0x0000000000010448                G_DoSaveGame
                0x00000000000105aa                G_DoPlayDemo
                0x00000000000107cb                G_DoCompleted
                0x0000000000010aa9                G_DoWorldDone
                0x0000000000010ad7                G_ReadDemoTiccmd
                0x0000000000010b58                G_WriteDemoTiccmd
                0x0000000000010c90                G_InitPlayer
                0x0000000000010d68                G_PlayerReborn
                0x0000000000010e40                G_PlayerFinishLevel
                0x0000000000010e84                G_CheckSpot
                0x000000000001109c                G_DeathMatchSpawnPlayer
                0x0000000000011134                G_ScreenShot
                0x000000000001113f                G_ExitLevel
                0x0000000000011154                G_SecretExitLevel
                0x0000000000011190                G_WorldDone
                0x00000000000111fc                G_LoadGame
                0x000000000001121d                G_InitNew
                0x0000000000011454                G_SaveGame
                0x0000000000011478                G_DeferedInitNew
                0x0000000000011495                G_CheckDemoStatus
                0x00000000000115d3                G_RecordDemo
                0x0000000000011685                G_VanillaVersionCode
                0x00000000000116d1                G_BeginRecording
                0x0000000000011835                G_DeferedPlayDemo
                0x0000000000011847                G_TimeDemo
 .text          0x0000000000011884      0x6d4 build/hu_lib.o
                0x0000000000011884                HUlib_init
                0x0000000000011885                HUlib_clearTextLine
                0x0000000000011898                HUlib_initTextLine
                0x00000000000118b8                HUlib_addCharToTextLine
                0x00000000000118e5                HUlib_delCharFromTextLine
                0x000000000001190a                HUlib_drawTextLine
                0x00000000000119e9                HUlib_eraseTextLine
                0x0000000000011ab4                HUlib_initSText
                0x0000000000011b21                HUlib_addLineToSText
                0x0000000000011c68                HUlib_addMessageToSText
                0x0000000000011d12                HUlib_drawSText
                0x0000000000011d6b                HUlib_eraseSText
                0x0000000000011dcf                HUlib_initIText
                0x0000000000011dfe                HUlib_delCharFromIText
                0x0000000000011e20                HUlib_eraseLineFromIText
                0x0000000000011e49                HUlib_resetIText
                0x0000000000011e5d                HUlib_addPrefixToIText
                0x0000000000011e9a                HUlib_keyInIText
                0x0000000000011f11                HUlib_drawIText
                0x0000000000011f25                HUlib_eraseIText
 .text          0x0000000000011f58      0x94e build/hu_stuff.o
                0x0000000000011f58                HU_Init
                0x0000000000011fe4                HU_Stop
                0x0000000000011fec                HU_Start
                0x0000000000012208                HU_Drawer
                0x000000000001223e                HU_Erase
                0x0000000000012264                HU_Ticker
                0x000000000001245f                HU_queueChatChar
                0x000000000001249c                HU_dequeueChatChar
                0x00000000000124c4                HU_Responder
 *fill*         0x00000000000128a6        0x2 
 .text          0x00000000000128a8        0x1 build/i_endoom.o
                0x00000000000128a8                I_Endoom
 *fill*         0x00000000000128a9        0x3 
 .text          0x00000000000128ac      0x116 build/i_joystick.o
                0x00000000000128ac                I_ShutdownJoystick
                0x00000000000128ad                I_InitJoystick
                0x00000000000128ae                I_UpdateJoystick
                0x00000000000128af                I_BindJoystickVariables
 *fill*         0x00000000000129c2        0x2 
 .text          0x00000000000129c4      0x102 build/i_sound.o
                0x00000000000129c4                I_InitSound
                0x00000000000129ea                I_ShutdownSound
                0x00000000000129eb                I_GetSfxLumpNum
                0x00000000000129ee                I_UpdateSound
                0x00000000000129ef                I_UpdateSoundParams
                0x00000000000129f0                I_StartSound
                0x00000000000129f3                I_StopSound
                0x00000000000129f4                I_SoundIsPlaying
                0x00000000000129f7                I_PrecacheSounds
                0x00000000000129f8                I_InitMusic
                0x00000000000129f9                I_ShutdownMusic
                0x00000000000129fa                I_SetMusicVolume
                0x00000000000129fb                I_PauseSong
                0x00000000000129fc                I_ResumeSong
                0x00000000000129fd                I_RegisterSong
                0x0000000000012a00                I_UnRegisterSong
                0x0000000000012a01                I_PlaySong
                0x0000000000012a02                I_StopSong
                0x0000000000012a03                I_MusicIsPlaying
                0x0000000000012a06                I_BindSoundVariables
 *fill*         0x0000000000012ac6        0x2 
 .text          0x0000000000012ac8      0x328 build/i_system.o
                0x0000000000012ac8                I_AtExit
                0x0000000000012afb                I_Tactile
                0x0000000000012afc                I_ZoneBase
                0x0000000000012b8b                I_PrintBanner
                0x0000000000012bcb                I_PrintDivider
                0x0000000000012bea                I_PrintStartupBanner
                0x0000000000012c12                I_ConsoleStdout
                0x0000000000012c15                I_Quit
                0x0000000000012c2c                I_GetMemoryValue
 .text          0x0000000000012df0       0x58 build/i_timer.o
                0x0000000000012df0                I_GetTicks
                0x0000000000012df7                I_GetTime
                0x0000000000012e23                I_GetTimeMS
                0x0000000000012e41                I_Sleep
                0x0000000000012e46                I_WaitVBL
                0x0000000000012e47                I_InitTimer
 .text          0x0000000000012e48       0x97 build/m_argv.o
                0x0000000000012e48                M_CheckParmWithArgs
                0x0000000000012e9c                M_ParmExists
                0x0000000000012eaf                M_CheckParm
                0x0000000000012eb6                M_FindResponseFile
                0x0000000000012eb7                M_GetExecutableName
 *fill*         0x0000000000012edf        0x1 
 .text          0x0000000000012ee0       0x2d build/m_bbox.o
                0x0000000000012ee0                M_ClearBox
                0x0000000000012eeb                M_AddToBox
 *fill*         0x0000000000012f0d        0x3 
 .text          0x0000000000012f10       0xbe build/m_cheat.o
                0x0000000000012f10                cht_CheckCheat
                0x0000000000012fbb                cht_GetParam
 *fill*         0x0000000000012fce        0x2 
 .text          0x0000000000012fd0      0x386 build/m_config.o
                0x0000000000012fd0                M_SetConfigFilenames
                0x0000000000012fdf                M_SaveDefaults
                0x0000000000012fe0                M_SaveDefaultsAlternate
                0x0000000000012fe1                M_LoadDefaults
                0x00000000000130b1                M_BindVariable
                0x000000000001311a                M_SetVariable
                0x00000000000131c2                M_GetIntVariable
                0x00000000000131e6                M_GetStrVariable
                0x000000000001320a                M_GetFloatVariable
                0x000000000001322e                M_SetConfigDir
                0x0000000000013273                M_GetSaveGameDir
 *fill*         0x0000000000013356        0x2 
 .text          0x0000000000013358      0x978 build/m_controls.o
                0x0000000000013358                M_BindBaseControls
                0x000000000001355b                M_BindHereticControls
                0x0000000000013608                M_BindHexenControls
                0x00000000000136db                M_BindStrifeControls
                0x0000000000013866                M_BindWeaponControls
                0x0000000000013972                M_BindMapControls
                0x0000000000013a58                M_BindMenuControls
                0x0000000000013c35                M_BindChatControls
                0x0000000000013ccf                M_ApplyPlatformDefaults
 .text          0x0000000000013cd0       0x44 build/m_fixed.o
                0x0000000000013cd0                FixedMul
                0x0000000000013cdf                FixedDiv
 .text          0x0000000000013d14     0x2181 build/m_menu.o
                0x0000000000013d14                M_NewGame
                0x0000000000013db9                M_Options
                0x0000000000013dd6                M_LoadGame
                0x0000000000013e44                M_SaveGame
                0x0000000000013ebf                M_ReadThis
                0x0000000000013edc                M_QuitDOOM
                0x0000000000013f70                M_DrawMainMenu
                0x0000000000013f95                M_Episode
                0x000000000001404b                M_DrawEpisode
                0x0000000000014070                M_ChooseSkill
                0x00000000000140d0                M_DrawNewGame
                0x0000000000014118                M_EndGame
                0x00000000000141ae                M_ChangeMessages
                0x00000000000141fe                M_ChangeDetail
                0x0000000000014256                M_SizeDisplay
                0x00000000000142af                M_ChangeSensitivity
                0x00000000000142da                M_Sound
                0x00000000000142f7                M_DrawOptions
                0x00000000000143e6                M_ReadThis2
                0x0000000000014438                M_DrawReadThis1
                0x0000000000014503                M_FinishReadThis
                0x0000000000014520                M_DrawReadThis2
                0x0000000000014549                M_SfxVol
                0x0000000000014580                M_MusicVol
                0x00000000000145b7                M_DrawSound
                0x0000000000014624                M_LoadSelect
                0x0000000000014688                M_DrawLoad
                0x00000000000146fe                M_SaveSelect
                0x000000000001475b                M_DrawSave
                0x000000000001481f                M_ReadSaveStrings
                0x0000000000014900                M_DrawSaveLoadBorder
                0x000000000001498e                M_WriteText
                0x0000000000014a0e                M_ClearMenus
                0x0000000000014a19                M_StartMessage
                0x0000000000014a4b                M_SetupNextMenu
                0x0000000000014a5e                M_StringWidth
                0x0000000000014abf                M_DoSave
                0x0000000000014af4                M_QuickSaveResponse
                0x0000000000014b44                M_QuickSave
                0x0000000000014c3f                M_StartControlPanel
                0x0000000000014c70                M_QuickLoadResponse
                0x0000000000014c95                M_QuickLoad
                0x0000000000014d34                M_DrawThermo
                0x0000000000014deb                M_VerifyNightmare
                0x0000000000014e1d                M_EndGameResponse
                0x0000000000014e4a                M_QuitResponse
                0x0000000000014eac                M_DrawEmptyCell
                0x0000000000014ee5                M_DrawSelCell
                0x0000000000014f1e                M_StopMessage
                0x0000000000014f35                M_StringHeight
                0x0000000000014f7a                M_Responder
                0x0000000000015b34                M_Drawer
                0x0000000000015db6                M_Ticker
                0x0000000000015ddd                M_Init
 *fill*         0x0000000000015e95        0x3 
 .text          0x0000000000015e98      0x828 build/m_misc.o
                0x0000000000015e98                M_MakeDirectory
                0x0000000000015ea2                M_FileExists
                0x0000000000015ed5                M_FileLength
                0x0000000000015f15                M_WriteFile
                0x0000000000015f6d                M_ReadFile
                0x0000000000016010                M_TempFile
                0x000000000001602a                M_StringJoin
                0x00000000000161e9                M_StrToInt
                0x0000000000016264                M_ExtractFileBase
                0x00000000000162da                M_ForceUppercase
                0x000000000001630f                M_StrCaseStr
                0x000000000001636e                M_StringDuplicate
                0x00000000000163a6                M_StringReplace
                0x00000000000164ac                M_StringCopy
                0x00000000000164e7                M_StringConcat
                0x000000000001651a                M_StringStartsWith
                0x0000000000016559                M_StringEndsWith
                0x000000000001659e                M_vsnprintf
                0x00000000000165d9                M_snprintf
 .text          0x00000000000166c0       0x49 build/m_random.o
                0x00000000000166c0                P_Random
                0x00000000000166dd                M_Random
                0x00000000000166fa                M_ClearRandom
 *fill*         0x0000000000016709        0x3 
 .text          0x000000000001670c      0x3e5 build/p_ceilng.o
                0x000000000001670c                T_MoveCeiling
                0x0000000000016863                P_RemoveActiveCeiling
                0x00000000000168a7                EV_DoCeiling
                0x0000000000016a3a                P_ActivateInStasisCeiling
                0x0000000000016a7d                P_AddActiveCeiling
                0x0000000000016a9f                EV_CeilingCrushStop
 *fill*         0x0000000000016af1        0x3 
 .text          0x0000000000016af4      0x735 build/p_doors.o
                0x0000000000016af4                T_VerticalDoor
                0x0000000000016c88                EV_DoLockedDoor
                0x0000000000016d2f                EV_DoDoor
                0x0000000000016edb                EV_VerticalDoor
                0x0000000000017154                P_SpawnDoorCloseIn30
                0x00000000000171b0                P_SpawnDoorRaiseIn5Mins
 *fill*         0x0000000000017229        0x3 
 .text          0x000000000001722c     0x2127 build/p_enemy.o
                0x000000000001722c                P_RecursiveSound
                0x000000000001730a                P_NoiseAlert
                0x0000000000017328                P_CheckMeleeRange
                0x0000000000017384                P_CheckMissileRange
                0x0000000000017469                P_Move
                0x000000000001759a                P_TryWalk
                0x00000000000175c0                P_NewChaseDir
                0x00000000000177c8                P_LookForPlayers
                0x00000000000178c1                A_KeenDie
                0x000000000001794b                A_Fall
                0x0000000000017953                A_Look
                0x0000000000017a32                A_Chase
                0x0000000000017c45                A_FaceTarget
                0x0000000000017c9d                A_PosAttack
                0x0000000000017d39                A_SPosAttack
                0x0000000000017ddf                A_CPosAttack
                0x0000000000017e7b                A_CPosRefire
                0x0000000000017ec4                A_SpidRefire
                0x0000000000017f0d                A_BspiAttack
                0x0000000000017f36                A_TroopAttack
                0x0000000000017fa4                A_SargAttack
                0x0000000000018001                A_HeadAttack
                0x0000000000018076                A_CyberAttack
                0x000000000001809f                A_BruisAttack
                0x000000000001810c                A_SkelMissile
                0x0000000000018164                A_Tracer
                0x00000000000182d1                A_SkelWhoosh
                0x00000000000182f3                A_SkelFist
                0x000000000001836e                PIT_VileCheck
                0x000000000001840a                A_VileChase
                0x000000000001859c                A_VileStart
                0x00000000000185a6                A_StartFire
                0x00000000000185bd                A_Fire
                0x0000000000018665                A_FireCrackle
                0x000000000001867c                A_VileTarget
                0x00000000000186ce                A_VileAttack
                0x00000000000187c0                A_FatRaise
                0x00000000000187d7                A_FatAttack1
                0x000000000001886f                A_FatAttack2
                0x000000000001890b                A_FatAttack3
                0x00000000000189f3                A_SkullAttack
                0x0000000000018ab1                A_PainShootSkull
                0x0000000000018bcc                A_PainAttack
                0x0000000000018bec                A_PainDie
                0x0000000000018c25                A_Scream
                0x0000000000018ca5                A_XScream
                0x0000000000018caf                A_Pain
                0x0000000000018cc2                A_Explode
                0x0000000000018cd3                A_BossDeath
                0x0000000000018f41                A_Hoof
                0x0000000000018f58                A_Metal
                0x0000000000018f6f                A_BabyMetal
                0x0000000000018f86                A_OpenShotgun2
                0x0000000000018f93                A_LoadShotgun2
                0x0000000000018fa0                A_CloseShotgun2
                0x0000000000018fc9                A_BrainAwake
                0x0000000000019027                A_BrainPain
                0x0000000000019033                A_BrainScream
                0x00000000000190e4                A_BrainExplode
                0x0000000000019163                A_BrainDie
                0x0000000000019168                A_BrainSpit
                0x0000000000019201                A_SpawnSound
                0x0000000000019218                A_SpawnFly
                0x0000000000019329                A_PlayerScream
 *fill*         0x0000000000019353        0x1 
 .text          0x0000000000019354      0x74f build/p_floor.o
                0x0000000000019354                T_MovePlane
                0x000000000001947a                T_MoveFloor
                0x000000000001951c                EV_DoFloor
                0x00000000000198eb                EV_BuildStairs
 *fill*         0x0000000000019aa3        0x1 
 .text          0x0000000000019aa4      0xed9 build/p_inter.o
                0x0000000000019aa4                P_GiveAmmo
                0x0000000000019be1                P_GiveWeapon
                0x0000000000019ce3                P_GiveBody
                0x0000000000019d0c                P_GiveArmor
                0x0000000000019d22                P_GiveCard
                0x0000000000019d3f                P_GivePower
                0x0000000000019dc9                P_TouchSpecialThing
                0x000000000001a4b4                P_KillMobj
                0x000000000001a669                P_DamageMobj
 *fill*         0x000000000001a97d        0x3 
 .text          0x000000000001a980      0x42a build/p_lights.o
                0x000000000001a980                T_FireFlicker
                0x000000000001a9b8                P_SpawnFireFlicker
                0x000000000001aa17                T_LightFlash
                0x000000000001aa55                P_SpawnLightFlash
                0x000000000001aac6                T_StrobeFlash
                0x000000000001aaf3                P_SpawnStrobeFlash
                0x000000000001ab7c                EV_StartLightStrobing
                0x000000000001abcf                EV_TurnTagLightsOff
                0x000000000001ac62                EV_LightTurnOn
                0x000000000001acf9                T_Glow
                0x000000000001ad4a                P_SpawnGlowingLight
 *fill*         0x000000000001adaa        0x2 
 .text          0x000000000001adac     0x1675 build/p_map.o
                0x000000000001adac                PIT_StompThing
                0x000000000001ae34                P_TeleportMove
                0x000000000001afd4                PIT_CheckLine
                0x000000000001b1a1                PIT_CheckThing
                0x000000000001b358                P_CheckPosition
                0x000000000001b566                P_TryMove
                0x000000000001b6dd                P_ThingHeightClip
                0x000000000001b736                P_HitSlideLine
                0x000000000001b825                PTR_SlideTraverse
                0x000000000001b8eb                P_SlideMove
                0x000000000001baf1                PTR_AimTraverse
                0x000000000001bc7d                PTR_ShootTraverse
                0x000000000001bf88                P_AimLineAttack
                0x000000000001c03b                P_LineAttack
                0x000000000001c0ba                PTR_UseTraverse
                0x000000000001c125                P_UseLines
                0x000000000001c16e                PIT_RadiusAttack
                0x000000000001c209                P_RadiusAttack
                0x000000000001c2bd                PIT_ChangeSector
                0x000000000001c3a6                P_ChangeSector
 *fill*         0x000000000001c421        0x3 
 .text          0x000000000001c424      0xb45 build/p_maputl.o
                0x000000000001c424                P_AproxDistance
                0x000000000001c43f                P_PointOnLineSide
                0x000000000001c4b2                P_BoxOnLineSide
                0x000000000001c572                P_PointOnDivlineSide
                0x000000000001c5f8                P_MakeDivline
                0x000000000001c60b                P_InterceptVector
                0x000000000001c685                P_LineOpening
                0x000000000001c6cd                P_UnsetThingPosition
                0x000000000001c76b                P_SetThingPosition
                0x000000000001c81f                P_BlockLinesIterator
                0x000000000001c8dc                P_BlockThingsIterator
                0x000000000001c93e                PIT_AddLineIntercepts
                0x000000000001cad0                PIT_AddThingIntercepts
                0x000000000001cbdf                P_TraverseIntercepts
                0x000000000001cc68                P_PathTraverse
 *fill*         0x000000000001cf69        0x3 
 .text          0x000000000001cf6c     0x11d4 build/p_mobj.o
                0x000000000001cf6c                P_SetMobjState
                0x000000000001cfdf                P_RemoveMobj
                0x000000000001d078                P_ExplodeMissile
                0x000000000001d0e6                P_XYMovement
                0x000000000001d39e                P_ZMovement
                0x000000000001d55c                P_NightmareRespawn
                0x000000000001d673                P_SpawnMobj
                0x000000000001d7a9                P_MobjThinker
                0x000000000001d862                P_RespawnSpecials
                0x000000000001d981                P_SpawnPlayer
                0x000000000001db24                P_SpawnMapThing
                0x000000000001dd4e                P_SpawnPuff
                0x000000000001dde0                P_SpawnBlood
                0x000000000001de78                P_CheckMissileSpawn
                0x000000000001dee1                P_SubstNullMobj
                0x000000000001df0b                P_SpawnMissile
                0x000000000001e014                P_SpawnPlayerMissile
 .text          0x000000000001e140      0x4ce build/p_plats.o
                0x000000000001e140                T_PlatRaise
                0x000000000001e27a                P_RemoveActivePlat
                0x000000000001e2cf                EV_DoPlat
                0x000000000001e55e                P_ActivateInStasis
                0x000000000001e59b                P_AddActivePlat
                0x000000000001e5ca                EV_StopPlat
 *fill*         0x000000000001e60e        0x2 
 .text          0x000000000001e610      0xcae build/p_pspr.o
                0x000000000001e610                P_SetPsprite
                0x000000000001e694                P_CalcSwing
                0x000000000001e6e5                P_BringUpWeapon
                0x000000000001e745                P_CheckAmmo
                0x000000000001e885                P_FireWeapon
                0x000000000001e8c9                P_DropWeapon
                0x000000000001e8e2                A_WeaponReady
                0x000000000001ea20                A_ReFire
                0x000000000001ea4f                A_CheckReload
                0x000000000001ea54                A_Lower
                0x000000000001ea92                A_Raise
                0x000000000001eac6                A_GunFlash
                0x000000000001eaf7                A_Punch
                0x000000000001ebbf                A_Saw
                0x000000000001eccf                A_FireMissile
                0x000000000001ed07                A_FireBFG
                0x000000000001ed41                A_FirePlasma
                0x000000000001eda9                P_BulletSlope
                0x000000000001ee18                P_GunShot
                0x000000000001ee8f                A_FirePistol
                0x000000000001ef0e                A_FireShotgun
                0x000000000001ef93                A_FireShotgun2
                0x000000000001f0b4                A_FireCGun
                0x000000000001f17c                A_Light0
                0x000000000001f187                A_Light1
                0x000000000001f192                A_Light2
                0x000000000001f19d                A_BFGSpray
                0x000000000001f236                A_BFGsound
                0x000000000001f243                P_SetupPsprites
                0x000000000001f261                P_MovePsprites
 *fill*         0x000000000001f2be        0x2 
 .text          0x000000000001f2c0     0x1d2c build/p_saveg.o
                0x000000000001f2c0                P_TempSaveGameFile
                0x000000000001f2f4                P_SaveGameFile
                0x000000000001f3a3                P_WriteSaveGameHeader
                0x000000000001f541                P_ReadSaveGameHeader
                0x000000000001f6e1                P_ReadSaveGameEOF
                0x000000000001f6f2                P_WriteSaveGameEOF
                0x000000000001f6fc                P_ArchivePlayers
                0x000000000001fa4b                P_UnArchivePlayers
                0x000000000001fdd5                P_ArchiveWorld
                0x0000000000020011                P_UnArchiveWorld
                0x000000000002027b                P_ArchiveThinkers
                0x00000000000204d5                P_UnArchiveThinkers
                0x00000000000207e7                P_ArchiveSpecials
                0x0000000000020b1e                P_UnArchiveSpecials
 .text          0x0000000000020fec      0xfd0 build/p_setup.o
                0x0000000000020fec                P_LoadVertexes
                0x000000000002105c                GetSectorAtNullAddress
                0x00000000000210dd                P_LoadSegs
                0x000000000002125b                P_LoadSubsectors
                0x00000000000212e5                P_LoadSectors
                0x00000000000213d1                P_LoadNodes
                0x0000000000021495                P_LoadThings
                0x000000000002156f                P_LoadLineDefs
                0x000000000002175a                P_LoadSideDefs
                0x0000000000021851                P_LoadBlockMap
                0x00000000000218e0                P_GroupLines
                0x0000000000021b96                P_SetupLevel
                0x0000000000021fa4                P_Init
 .text          0x0000000000021fbc      0x492 build/p_sight.o
                0x0000000000021fbc                P_DivlineSide
                0x000000000002201d                P_InterceptVector2
                0x0000000000022097                P_CrossSubsector
                0x00000000000222d3                P_CrossBSPNode
                0x0000000000022379                P_CheckSight
 *fill*         0x000000000002244e        0x2 
 .text          0x0000000000022450     0x1019 build/p_spec.o
                0x0000000000022450                P_InitPicAnims
                0x0000000000022549                getSide
                0x0000000000022582                getSector
                0x00000000000225bc                twoSided
                0x00000000000225e1                getNextSector
                0x00000000000225f9                P_FindLowestFloorSurrounding
                0x000000000002263a                P_FindHighestFloorSurrounding
                0x0000000000022684                P_FindNextHighestFloor
                0x0000000000022760                P_FindLowestCeilingSurrounding
                0x00000000000227ab                P_FindHighestCeilingSurrounding
                0x00000000000227f0                P_FindSectorFromLineTag
                0x000000000002283b                P_FindMinSurroundingLight
                0x000000000002287e                P_CrossSpecialLine
                0x0000000000022c8f                P_ShootSpecialLine
                0x0000000000022d04                P_PlayerInSpecialSector
                0x0000000000022dfe                P_UpdateSpecials
                0x0000000000022fa0                EV_DoDonut
                0x0000000000023290                P_SpawnSpecials
 *fill*         0x0000000000023469        0x3 
 .text          0x000000000002346c      0x5d1 build/p_switch.o
                0x000000000002346c                P_InitSwitchList
                0x0000000000023516                P_StartButton
                0x0000000000023582                P_ChangeSwitchTexture
                0x00000000000236d9                P_UseSpecialLine
 *fill*         0x0000000000023a3d        0x3 
 .text          0x0000000000023a40      0x1b1 build/p_telept.o
                0x0000000000023a40                EV_Teleport
 *fill*         0x0000000000023bf1        0x3 
 .text          0x0000000000023bf4      0x132 build/p_tick.o
                0x0000000000023bf4                P_InitThinkers
                0x0000000000023c0a                P_AddThinker
                0x0000000000023c2b                P_RemoveThinker
                0x0000000000023c34                P_AllocateThinker
                0x0000000000023c35                P_RunThinkers
                0x0000000000023c86                P_Ticker
 *fill*         0x0000000000023d26        0x2 
 .text          0x0000000000023d28      0x505 build/p_user.o
                0x0000000000023d28                P_Thrust
                0x0000000000023d72                P_CalcHeight
                0x0000000000023e8b                P_MovePlayer
                0x0000000000023f2c                P_DeathThink
                0x0000000000024001                P_PlayerThink
 *fill*         0x000000000002422d        0x3 
 .text          0x0000000000024230      0x587 build/r_bsp.o
                0x0000000000024230                R_ClearDrawSegs
                0x000000000002423f                R_ClipSolidWallSegment
                0x0000000000024348                R_ClipPassWallSegment
                0x00000000000243b6                R_ClearClipSegs
                0x00000000000243e9                R_AddLine
                0x0000000000024511                R_CheckBBox
                0x000000000002462d                R_Subsector
                0x000000000002471a                R_RenderBSPNode
 *fill*         0x00000000000247b7        0x1 
 .text          0x00000000000247b8      0xf29 build/r_data.o
                0x00000000000247b8                R_DrawColumnInCache
                0x000000000002482a                R_GenerateComposite
                0x000000000002496a                R_GenerateLookup
                0x0000000000024b32                R_GetColumn
                0x0000000000024ba2                R_InitTextures
                0x00000000000250ec                R_InitFlats
                0x000000000002515d                R_InitSpriteLumps
                0x0000000000025256                R_InitColormaps
                0x0000000000025278                R_InitData
                0x00000000000252c7                R_FlatNumForName
                0x000000000002532d                R_CheckTextureNumForName
                0x0000000000025385                R_TextureNumForName
                0x00000000000253b3                R_PrecacheLevel
 *fill*         0x00000000000256e1        0x3 
 .text          0x00000000000256e4      0xe08 build/r_draw.o
                0x00000000000256e4                R_DrawColumn
                0x00000000000257a7                R_DrawColumnLow
                0x000000000002587e                R_DrawFuzzColumn
                0x0000000000025970                R_DrawFuzzColumnLow
                0x0000000000025a99                R_DrawTranslatedColumn
                0x0000000000025b67                R_DrawTranslatedColumnLow
                0x0000000000025c68                R_InitTranslationTables
                0x0000000000025cf7                R_DrawSpan
                0x0000000000025df2                R_DrawSpanLow
                0x0000000000025f22                R_InitBuffer
                0x00000000000260fa                R_FillBackScreen
                0x00000000000263b3                R_VideoErase
                0x00000000000263da                R_DrawViewBorder
 .text          0x00000000000264ec      0xc8c build/r_main.o
                0x00000000000264ec                R_AddPointToBox
                0x000000000002650b                R_PointOnSide
                0x0000000000026589                R_PointOnSegSide
                0x000000000002660c                R_PointToAngle
                0x0000000000026732                R_PointToAngle2
                0x0000000000026747                R_PointToDist
                0x00000000000267ac                R_InitPointToAngle
                0x00000000000267ad                R_ScaleFromGlobalAngle
                0x0000000000026835                R_InitTables
                0x0000000000026836                R_InitTextureMapping
                0x0000000000026957                R_InitLightTables
                0x00000000000269fa                R_SetViewSize
                0x0000000000026a11                R_ExecuteSetViewSize
                0x0000000000026f58                R_Init
                0x0000000000026fe2                R_PointInSubsector
                0x0000000000027055                R_SetupFrame
                0x000000000002712f                R_RenderPlayerView
 .text          0x0000000000027178      0xb84 build/r_plane.o
                0x0000000000027178                R_InitPlanes
                0x0000000000027179                R_MapPlane
                0x000000000002735c                R_ClearPlanes
                0x00000000000276c6                R_FindPlane
                0x0000000000027784                R_CheckPlane
                0x0000000000027820                R_MakeSpans
                0x0000000000027a5b                R_DrawPlanes
 .text          0x0000000000027cfc      0xea8 build/r_segs.o
                0x0000000000027cfc                R_RenderMaskedSegRange
                0x0000000000027f52                R_RenderSegLoop
                0x00000000000282da                R_StoreWallRange
 .text          0x0000000000028ba4        0xb build/r_sky.o
                0x0000000000028ba4                R_InitSkyMap
 *fill*         0x0000000000028baf        0x1 
 .text          0x0000000000028bb0     0x11b5 build/r_things.o
                0x0000000000028bb0                R_InstallSpriteLump
                0x0000000000028cfa                R_InitSpriteDefs
                0x0000000000028fc9                R_InitSprites
                0x0000000000028fec                R_ClearSprites
                0x0000000000028ffb                R_NewVisSprite
                0x0000000000029022                R_DrawMaskedColumn
                0x000000000002914f                R_DrawVisSprite
                0x00000000000292aa                R_ProjectSprite
                0x00000000000295b6                R_AddSprites
                0x0000000000029620                R_DrawPSprite
                0x0000000000029842                R_DrawPlayerSprites
                0x00000000000298e2                R_SortVisSprites
                0x00000000000299e6                R_DrawSprite
                0x0000000000029cc9                R_DrawMasked
 *fill*         0x0000000000029d65        0x3 
 .text          0x0000000000029d68     0x1396 build/sha1.o
                0x0000000000029d68                SHA1_Init
                0x0000000000029d83                SHA1_Update
                0x000000000002af42                SHA1_Final
                0x000000000002b094                SHA1_UpdateInt32
                0x000000000002b0d6                SHA1_UpdateString
 *fill*         0x000000000002b0fe        0x2 
 .text          0x000000000002b100       0x30 build/statdump.o
                0x000000000002b100                StatCopy
                0x000000000002b12f                StatDump
 .text          0x000000000002b130      0x3ec build/st_lib.o
                0x000000000002b130                STlib_init
                0x000000000002b14b                STlib_initNum
                0x000000000002b16b                STlib_drawNum
                0x000000000002b2ec                STlib_updateNum
                0x000000000002b2fa                STlib_initPercent
                0x000000000002b31d                STlib_updatePercent
                0x000000000002b350                STlib_initMultIcon
                0x000000000002b369                STlib_updateMultIcon
                0x000000000002b442                STlib_initBinIcon
                0x000000000002b45b                STlib_updateBinIcon
 .text          0x000000000002b51c     0x1c50 build/st_stuff.o
                0x000000000002b51c                ST_refreshBackground
                0x000000000002b58d                ST_Responder
                0x000000000002bbd7                ST_calcPainOffset
                0x000000000002bc24                ST_updateFaceWidget
                0x000000000002c110                ST_updateWidgets
                0x000000000002c1ff                ST_Ticker
                0x000000000002c228                ST_doPaletteStuff
                0x000000000002c2f0                ST_drawWidgets
                0x000000000002c401                ST_doRefresh
                0x000000000002c41c                ST_diffDraw
                0x000000000002c423                ST_Drawer
                0x000000000002c47e                ST_loadGraphics
                0x000000000002c846                ST_loadData
                0x000000000002c85f                ST_unloadGraphics
                0x000000000002cc0c                ST_unloadData
                0x000000000002cc11                ST_initData
                0x000000000002cca5                ST_createWidgets
                0x000000000002d05b                ST_Start
                0x000000000002d10c                ST_Stop
                0x000000000002d13a                ST_Init
 .text          0x000000000002d16c      0x890 build/s_sound.o
                0x000000000002d16c                S_Init
                0x000000000002d2b1                S_SetSfxVolume
                0x000000000002d2d4                S_SetMusicVolume
                0x000000000002d2f7                S_Shutdown
                0x000000000002d303                S_Start
                0x000000000002d3ed                S_ChangeMusic
                0x000000000002d4e7                S_StopSound
                0x000000000002d520                S_StartSound
                0x000000000002d83f                S_PauseSound
                0x000000000002d864                S_ResumeSound
                0x000000000002d889                S_UpdateSounds
                0x000000000002d99a                S_StartMusic
                0x000000000002d9a1                S_StopMusic
                0x000000000002d9f7                S_MusicPlaying
 .text          0x000000000002d9fc       0x25 build/tables.o
                0x000000000002d9fc                SlopeDiv
 *fill*         0x000000000002da21        0x3 
 .text          0x000000000002da24     0x1f17 build/v_video.o
                0x000000000002da24                V_MarkRect
                0x000000000002da86                V_CopyRect
                0x000000000002db85                V_SetPatchClipCallback
                0x000000000002db8d                V_DrawPatch
                0x000000000002dcc0                V_DrawPatchFlipped
                0x000000000002dddb                V_DrawPatchDirect
                0x000000000002dde0                V_DrawTLPatch
                0x000000000002dee0                V_DrawXlaPatch
                0x000000000002dfc2                V_DrawAltTLPatch
                0x000000000002e0c2                V_DrawShadowedPatch
                0x000000000002e1ef                V_LoadTintTable
                0x000000000002e20a                V_LoadXlaTable
                0x000000000002e225                V_DrawBlock
                0x000000000002e2cf                V_DrawFilledBox
                0x000000000002e325                V_DrawHorizLine
                0x000000000002e34c                V_DrawVertLine
                0x000000000002e8b4                V_DrawBox
                0x000000000002f3c8                V_DrawRawScreen
                0x000000000002f3dc                V_Init
                0x000000000002f3dd                V_UseBuffer
                0x000000000002f3e5                V_RestoreBuffer
                0x000000000002f3f7                WritePCXfile
                0x000000000002f500                V_ScreenShot
                0x000000000002f5b2                V_DrawMouseSpeedBox
 *fill*         0x000000000002f93b        0x1 
 .text          0x000000000002f93c     0x255e build/wi_stuff.o
                0x000000000002f93c                WI_slamBackground
                0x000000000002f94c                WI_Responder
                0x000000000002f94f                WI_drawLF
                0x000000000002fa5b                WI_drawEL
                0x000000000002fac7                WI_drawOnLnode
                0x000000000002fb86                WI_initAnimatedBack
                0x000000000002fc53                WI_updateAnimatedBack
                0x000000000002fd7d                WI_drawAnimatedBack
                0x000000000002fe04                WI_drawNum
                0x000000000002fee5                WI_drawPercent
                0x000000000002ff16                WI_drawTime
                0x000000000002ffd3                WI_End
                0x000000000002ffd8                WI_unloadData
                0x0000000000030474                WI_initNoState
                0x0000000000030490                WI_updateNoState
                0x00000000000304a6                WI_initShowNextLoc
                0x00000000000304c6                WI_updateShowNextLoc
                0x0000000000030515                WI_drawShowNextLoc
                0x00000000000305e9                WI_drawNoState
                0x00000000000305f8                WI_fragSum
                0x000000000003063e                WI_initDeathmatchStats
                0x00000000000306f4                WI_updateDeathmatchStats
                0x000000000003092d                WI_drawDeathmatchStats
                0x0000000000030b28                WI_initNetgameStats
                0x0000000000030bdb                WI_updateNetgameStats
                0x0000000000030fa0                WI_drawNetgameStats
                0x0000000000031252                WI_initStats
                0x000000000003129f                WI_updateStats
                0x00000000000315ec                WI_drawStats
                0x000000000003171d                WI_checkForAccelerate
                0x000000000003178d                WI_Ticker
                0x000000000003180d                WI_loadData
                0x0000000000031d66                WI_Drawer
                0x0000000000031dae                WI_initVariables
                0x0000000000031e1d                WI_Start
 *fill*         0x0000000000031e9a        0x2 
 .text          0x0000000000031e9c      0x139 build/w_checksum.o
                0x0000000000031e9c                W_Checksum
 *fill*         0x0000000000031fd5        0x3 
 .text          0x0000000000031fd8       0x2c build/w_file.o
                0x0000000000031fd8                W_OpenFile
                0x0000000000031ff5                W_CloseFile
                0x0000000000031ffb                W_Read
 .text          0x0000000000032004       0x8d build/w_main.o
                0x0000000000032004                W_ParseCommandLine
 *fill*         0x0000000000032091        0x3 
 .text          0x0000000000032094      0x766 build/w_wad.o
                0x0000000000032094                W_LumpNameHash
                0x00000000000320de                W_AddFile
                0x0000000000032371                W_NumLumps
                0x0000000000032378                W_CheckNumForName
                0x000000000003245d                W_GetNumForName
                0x000000000003248a                W_LumpLength
                0x00000000000324b8                W_ReadLump
                0x0000000000032531                W_CacheLumpNum
                0x00000000000325f2                W_CacheLumpName
                0x0000000000032604                W_ReleaseLumpNum
                0x000000000003265a                W_ReleaseLumpName
                0x0000000000032668                W_GenerateHashTable
                0x0000000000032773                W_CheckCorrectIWAD
 *fill*         0x00000000000327fa        0x2 
 .text          0x00000000000327fc      0x68e build/z_zone.o
                0x00000000000327fc                Z_ClearZone
                0x0000000000032833                Z_Init
                0x00000000000328ad                Z_Free
                0x0000000000032950                Z_Malloc
                0x0000000000032a98                Z_FreeTags
                0x0000000000032ae9                Z_DumpHeap
                0x0000000000032bd8                Z_FileDumpHeap
                0x0000000000032d11                Z_CheckHeap
                0x0000000000032dc0                Z_ChangeTag2
                0x0000000000032e1b                Z_ChangeUser
                0x0000000000032e4b                Z_FreeMemory
                0x0000000000032e80                Z_ZoneSize
 *fill*         0x0000000000032e8a        0x2 
 .text          0x0000000000032e8c       0xa8 build/w_file_stdc.o
                0x0000000000032e8c                W_StdC_Read
 .text          0x0000000000032f34      0x143 build/i_input.o
                0x0000000000032f34                I_GetEvent
                0x0000000000033076                I_InitInput
 *fill*         0x0000000000033077        0x1 
 .text          0x0000000000033078      0x515 build/i_video.o
                0x0000000000033078                cmap_to_rgb565
                0x00000000000330df                cmap_to_fb
                0x00000000000331e8                I_InitGraphics
                0x000000000003340a                I_ShutdownGraphics
                0x0000000000033416                I_StartFrame
                0x0000000000033417                I_StartTic
                0x000000000003341c                I_UpdateNoBlit
                0x000000000003341d                I_FinishUpdate
                0x00000000000334cd                I_ReadScreen
                0x00000000000334de                I_SetPalette
                0x0000000000033534                I_GetPaletteIndex
                0x0000000000033580                I_BeginRead
                0x0000000000033581                I_EndRead
                0x0000000000033582                I_SetWindowTitle
                0x0000000000033587                I_GraphicsCheckCommandLine
                0x0000000000033588                I_SetGrabMouseCallback
                0x0000000000033589                I_EnableLoadingDisk
                0x000000000003358a                I_BindVideoVariables
                0x000000000003358b                I_DisplayFPSDots
                0x000000000003358c                I_CheckIsScreensaver
 *fill*         0x000000000003358d        0x3 
 .text          0x0000000000033590       0x37 build/doomgeneric.o
                0x0000000000033590                doomgeneric_Create
 *fill*         0x00000000000335c7        0x1 
 .text          0x00000000000335c8      0x41f build/doomgeneric_xlib.o
                0x00000000000335c8                DG_Init
                0x000000000003374c                DG_DrawFrame
                0x00000000000338eb                DG_SleepMs
                0x00000000000338f6                DG_GetTicksMs
                0x0000000000033959                DG_GetKey
                0x000000000003398e                DG_SetWindowTitle
                0x00000000000339d8                main
 *(.gnu.warning)

.fini           0x00000000000339e8        0xd
 *(SORT_NONE(.fini))
 .fini          0x00000000000339e8        0x8 /usr/bin/../lib64/gcc/x86_64-pc-linux-gnu/15.2.1/../../../../lib64/crti.o
                0x00000000000339e8                _fini
 .fini          0x00000000000339f0        0x5 /usr/bin/../lib64/gcc/x86_64-pc-linux-gnu/15.2.1/../../../../lib64/crtn.o
                [!provide]                        PROVIDE (__etext = .)
                [!provide]                        PROVIDE (_etext = .)
                [!provide]                        PROVIDE (etext = .)
                0x0000000000034000                . = ALIGN (CONSTANT (MAXPAGESIZE))
                0x0000000000034000                . = SEGMENT_START ("rodata-segment", (ALIGN (CONSTANT (MAXPAGESIZE)) + (. & (CONSTANT (MAXPAGESIZE) - 0x1))))

.rodata         0x0000000000034000    0x18600
 *(.rodata .rodata.* .gnu.linkonce.r.*)
 .rodata.str1.1
                0x0000000000034000       0x67 build/am_map.o
 *fill*         0x0000000000034067       0x19 
 .rodata        0x0000000000034080       0x40 build/am_map.o
 .rodata.str1.1
                0x00000000000340c0     0x6ea3 build/dstrings.o
                                        0x328 (size before relaxing)
 .rodata.str1.1
                0x000000000003af63        0x0 build/d_iwad.o
                                        0x1d3 (size before relaxing)
 .rodata.str1.1
                0x000000000003af63        0x0 build/d_loop.o
                                         0x6e (size before relaxing)
 *fill*         0x000000000003af63        0xd 
 .rodata        0x000000000003af70       0xf4 build/d_main.o
 *fill*         0x000000000003b064        0xc 
 .rodata.cst16  0x000000000003b070      0x1b0 build/d_main.o
                                         0x10 (size before relaxing)
 .rodata.str1.1
                0x000000000003b220        0x0 build/d_main.o
                                        0x995 (size before relaxing)
 .rodata        0x000000000003b220      0x160 build/d_mode.o
 .rodata.str1.1
                0x000000000003b380        0x0 build/d_mode.o
                                         0x3c (size before relaxing)
 .rodata.cst16  0x000000000003b380        0x0 build/d_net.o
                                         0x20 (size before relaxing)
 .rodata.str1.1
                0x000000000003b380        0x0 build/d_net.o
                                        0x16d (size before relaxing)
 .rodata        0x000000000003b380       0x10 build/f_finale.o
 .rodata.str1.1
                0x000000000003b390        0x0 build/f_finale.o
                                       0x1f08 (size before relaxing)
 .rodata        0x000000000003b390       0xec build/g_game.o
 .rodata.cst16  0x000000000003b47c        0x0 build/g_game.o
                                         0x30 (size before relaxing)
 .rodata.cst4   0x000000000003b47c        0x8 build/g_game.o
                                          0x4 (size before relaxing)
 .rodata.str1.1
                0x000000000003b484        0x0 build/g_game.o
                                        0x369 (size before relaxing)
 .rodata.cst16  0x000000000003b484        0x0 build/hu_lib.o
                                         0x40 (size before relaxing)
 .rodata        0x000000000003b484       0x10 build/hu_stuff.o
 .rodata.str1.1
                0x000000000003b494        0x0 build/hu_stuff.o
                                        0xc0f (size before relaxing)
 .rodata.str1.1
                0x000000000003b494        0x0 build/info.o
                                        0x2b2 (size before relaxing)
 .rodata.str1.1
                0x000000000003b494        0x0 build/i_joystick.o
                                         0xa7 (size before relaxing)
 .rodata.str1.1
                0x000000000003b494        0x0 build/i_sound.o
                                         0x9f (size before relaxing)
 .rodata.str1.1
                0x000000000003b494        0x0 build/i_system.o
                                        0x211 (size before relaxing)
 .rodata        0x000000000003b494       0x1e build/i_system.o
 .rodata.cst16  0x000000000003b4b2        0x0 build/m_bbox.o
                                         0x10 (size before relaxing)
 *fill*         0x000000000003b4b2        0xe 
 .rodata        0x000000000003b4c0      0x220 build/m_config.o
 .rodata.str1.1
                0x000000000003b6e0        0x0 build/m_config.o
                                        0xc1c (size before relaxing)
 .rodata.str1.1
                0x000000000003b6e0        0x0 build/m_controls.o
                                        0x630 (size before relaxing)
 .rodata.str1.1
                0x000000000003b6e0        0x0 build/m_menu.o
                                        0x40f (size before relaxing)
 .rodata        0x000000000003b6e0       0x10 build/m_menu.o
 .rodata.str1.1
                0x000000000003b6f0        0x0 build/m_misc.o
                                         0xec (size before relaxing)
 .rodata        0x000000000003b6f0      0x100 build/m_random.o
 .rodata        0x000000000003b7f0       0x30 build/p_ceilng.o
 .rodata        0x000000000003b820       0x50 build/p_doors.o
 .rodata.str1.1
                0x000000000003b870        0x0 build/p_doors.o
                                        0x137 (size before relaxing)
 .rodata        0x000000000003b870       0x10 build/p_enemy.o
 .rodata.str1.1
                0x000000000003b880        0x0 build/p_enemy.o
                                         0x3b (size before relaxing)
 .rodata        0x000000000003b880       0x34 build/p_floor.o
 .rodata        0x000000000003b8b4       0xc4 build/p_inter.o
 .rodata.str1.1
                0x000000000003b978        0x0 build/p_inter.o
                                        0x3d7 (size before relaxing)
 .rodata.str1.1
                0x000000000003b978        0x0 build/p_map.o
                                         0x72 (size before relaxing)
 .rodata        0x000000000003b978       0x10 build/p_maputl.o
 .rodata.cst16  0x000000000003b988        0x0 build/p_mobj.o
                                         0x40 (size before relaxing)
 .rodata.str1.1
                0x000000000003b988        0x0 build/p_mobj.o
                                         0x2d (size before relaxing)
 .rodata        0x000000000003b988       0x14 build/p_plats.o
 .rodata.str1.1
                0x000000000003b99c        0x0 build/p_plats.o
                                         0x45 (size before relaxing)
 .rodata        0x000000000003b99c       0x20 build/p_saveg.o
 .rodata.str1.1
                0x000000000003b9bc        0x0 build/p_saveg.o
                                         0xe1 (size before relaxing)
 .rodata.cst16  0x000000000003b9bc        0x0 build/p_setup.o
                                         0x30 (size before relaxing)
 .rodata.str1.1
                0x000000000003b9bc        0x0 build/p_setup.o
                                         0x5a (size before relaxing)
 .rodata.str1.1
                0x000000000003b9bc        0x0 build/p_sight.o
                                         0x28 (size before relaxing)
 .rodata        0x000000000003b9bc      0x2a8 build/p_spec.o
 .rodata.str1.1
                0x000000000003bc64        0x0 build/p_spec.o
                                        0x242 (size before relaxing)
 .rodata        0x000000000003bc64      0x230 build/p_switch.o
 .rodata.str1.1
                0x000000000003be94        0x0 build/p_switch.o
                                         0x25 (size before relaxing)
 .rodata.str1.1
                0x000000000003be94        0x0 build/r_bsp.o
                                         0x23 (size before relaxing)
 .rodata.str1.1
                0x000000000003be94        0x0 build/r_data.o
                                        0x12e (size before relaxing)
 .rodata.cst16  0x000000000003be94        0x0 build/r_draw.o
                                         0x40 (size before relaxing)
 .rodata.str1.1
                0x000000000003be94        0x0 build/r_draw.o
                                         0xa6 (size before relaxing)
 .rodata.cst16  0x000000000003be94        0x0 build/r_main.o
                                         0x60 (size before relaxing)
 .rodata.cst16  0x000000000003be94        0x0 build/r_plane.o
                                         0x90 (size before relaxing)
 .rodata.str1.1
                0x000000000003be94        0x0 build/r_plane.o
                                         0xa6 (size before relaxing)
 .rodata.str1.1
                0x000000000003be94        0x0 build/r_segs.o
                                         0x20 (size before relaxing)
 .rodata.str1.1
                0x000000000003be94        0x0 build/r_things.o
                                        0x1d2 (size before relaxing)
 .rodata.cst16  0x000000000003be94        0x0 build/sha1.o
                                         0x10 (size before relaxing)
 .rodata.str1.1
                0x000000000003be94        0x0 build/sounds.o
                                        0x191 (size before relaxing)
 .rodata.str1.1
                0x000000000003be94        0x0 build/statdump.o
                                          0xa (size before relaxing)
 .rodata.str1.1
                0x000000000003be94        0x0 build/st_lib.o
                                         0x5b (size before relaxing)
 .rodata.cst16  0x000000000003be94        0x0 build/st_stuff.o
                                         0x50 (size before relaxing)
 .rodata.str1.1
                0x000000000003be94        0x0 build/st_stuff.o
                                        0x1b9 (size before relaxing)
 .rodata.cst16  0x000000000003be94        0x0 build/s_sound.o
                                         0x30 (size before relaxing)
 *fill*         0x000000000003be94        0xc 
 .rodata        0x000000000003bea0       0x24 build/s_sound.o
 .rodata.str1.1
                0x000000000003bec4        0x0 build/s_sound.o
                                         0x69 (size before relaxing)
 *fill*         0x000000000003bec4        0xc 
 .rodata        0x000000000003bed0    0x10510 build/tables.o
                0x000000000003bed0                finetangent
                0x000000000003fed0                finesine
                0x0000000000049ed0                tantoangle
                0x000000000004bee0                gammatable
 .rodata.cst16  0x000000000004c3e0        0x0 build/v_video.o
                                        0x130 (size before relaxing)
 .rodata.cst4   0x000000000004c3e0        0x0 build/v_video.o
                                          0x4 (size before relaxing)
 .rodata.cst8   0x000000000004c3e0        0x8 build/v_video.o
 .rodata.str1.1
                0x000000000004c3e8        0x0 build/v_video.o
                                        0x108 (size before relaxing)
 *fill*         0x000000000004c3e8        0x8 
 .rodata        0x000000000004c3f0      0x170 build/wi_stuff.o
 .rodata.str1.1
                0x000000000004c560        0x0 build/wi_stuff.o
                                        0x10b (size before relaxing)
 .rodata.str4.16
                0x000000000004c560       0x10 build/wi_stuff.o
 .rodata.str1.1
                0x000000000004c570        0x0 build/w_file.o
                                          0x6 (size before relaxing)
 .rodata.str1.1
                0x000000000004c570        0x0 build/w_main.o
                                         0x12 (size before relaxing)
 .rodata.str1.1
                0x000000000004c570        0x0 build/w_wad.o
                                        0x1d6 (size before relaxing)
 .rodata.str1.1
                0x000000000004c570        0x0 build/z_zone.o
                                        0x323 (size before relaxing)
 .rodata.str1.1
                0x000000000004c570        0x0 build/w_file_stdc.o
                                          0x3 (size before relaxing)
 .rodata        0x000000000004c570       0x80 build/i_input.o
 .rodata.cst16  0x000000000004c5f0        0x0 build/i_video.o
                                         0x50 (size before relaxing)
 .rodata.str1.1
                0x000000000004c5f0        0x0 build/i_video.o
                                        0x1b4 (size before relaxing)
 .rodata        0x000000000004c5f0       0x10 build/doomgeneric_xlib.o

.rodata1
 *(.rodata1)

.eh_frame_hdr   0x000000000004c600     0x191c
 *(.eh_frame_hdr)
 .eh_frame_hdr  0x000000000004c600     0x191c /usr/bin/../lib64/gcc/x86_64-pc-linux-gnu/15.2.1/../../../../lib64/Scrt1.o
                0x000000000004c600                __GNU_EH_FRAME_HDR
 *(.eh_frame_entry .eh_frame_entry.*)

.eh_frame       0x000000000004df20     0x7fb8
 *(.eh_frame)
 .eh_frame      0x000000000004df20       0x30 /usr/bin/../lib64/gcc/x86_64-pc-linux-gnu/15.2.1/../../../../lib64/Scrt1.o
                                         0x2c (size before relaxing)
 *fill*         0x000000000004df50        0x0 
 .eh_frame      0x000000000004df50       0x28 /usr/bin/../lib64/gcc/x86_64-pc-linux-gnu/15.2.1/../../../../lib64/Scrt1.o
                                         0x40 (size before relaxing)
 .eh_frame      0x000000000004df78        0x0 /usr/bin/../lib64/gcc/x86_64-pc-linux-gnu/15.2.1/../../../../lib64/Scrt1.o
 .eh_frame      0x000000000004df78        0x0 build/dummy.o
                                         0x30 (size before relaxing)
 .eh_frame      0x000000000004df78       0x28 build/d_event.o
                                         0x40 (size before relaxing)
 .eh_frame      0x000000000004dfa0      0x168 build/d_iwad.o
                                        0x180 (size before relaxing)
 .eh_frame      0x000000000004e108      0x130 build/d_loop.o
                                        0x148 (size before relaxing)
 .eh_frame      0x000000000004e238      0x280 build/d_main.o
                                        0x298 (size before relaxing)
 .eh_frame      0x000000000004e4b8       0x90 build/d_mode.o
                                         0xa8 (size before relaxing)
 .eh_frame      0x000000000004e548       0xc0 build/d_net.o
                                         0xd8 (size before relaxing)
 .eh_frame      0x000000000004e608      0x1e8 build/f_finale.o
                                        0x200 (size before relaxing)
 .eh_frame      0x000000000004e7f0      0x1a8 build/f_wipe.o
                                        0x1c0 (size before relaxing)
 .eh_frame      0x000000000004e998      0x5f0 build/g_game.o
                                        0x608 (size before relaxing)
 .eh_frame      0x000000000004ef88      0x278 build/hu_lib.o
                                        0x290 (size before relaxing)
 .eh_frame      0x000000000004f200      0x180 build/hu_stuff.o
                                        0x198 (size before relaxing)
 .eh_frame      0x000000000004f380        0x0 build/i_cdmus.o
                                         0xd0 (size before relaxing)
 .eh_frame      0x000000000004f380       0x18 build/i_endoom.o
                                         0x30 (size before relaxing)
 .eh_frame      0x000000000004f398       0x78 build/i_joystick.o
                                         0x90 (size before relaxing)
 .eh_frame      0x000000000004f410        0x0 build/i_scale.o
                                        0x3c8 (size before relaxing)
 .eh_frame      0x000000000004f410      0x198 build/i_sound.o
                                        0x1b0 (size before relaxing)
 .eh_frame      0x000000000004f5a8      0x188 build/i_system.o
                                        0x1a0 (size before relaxing)
 .eh_frame      0x000000000004f730       0x80 build/i_timer.o
                                         0x98 (size before relaxing)
 .eh_frame      0x000000000004f7b0        0x0 build/memio.o
                                        0x128 (size before relaxing)
 .eh_frame      0x000000000004f7b0       0x98 build/m_argv.o
                                         0xb0 (size before relaxing)
 .eh_frame      0x000000000004f848       0x28 build/m_bbox.o
                                         0x40 (size before relaxing)
 .eh_frame      0x000000000004f870       0x50 build/m_cheat.o
                                         0x68 (size before relaxing)
 .eh_frame      0x000000000004f8c0      0x198 build/m_config.o
                                        0x1b0 (size before relaxing)
 .eh_frame      0x000000000004fa58      0x130 build/m_controls.o
                                        0x148 (size before relaxing)
 .eh_frame      0x000000000004fb88       0x28 build/m_fixed.o
                                         0x40 (size before relaxing)
 .eh_frame      0x000000000004fbb0      0x6b0 build/m_menu.o
                                        0x6c8 (size before relaxing)
 .eh_frame      0x0000000000050260      0x390 build/m_misc.o
                                        0x3a8 (size before relaxing)
 .eh_frame      0x00000000000505f0       0x40 build/m_random.o
                                         0x58 (size before relaxing)
 .eh_frame      0x0000000000050630       0xf0 build/p_ceilng.o
                                        0x108 (size before relaxing)
 .eh_frame      0x0000000000050720      0x120 build/p_doors.o
                                        0x138 (size before relaxing)
 .eh_frame      0x0000000000050840      0xa10 build/p_enemy.o
                                        0xa28 (size before relaxing)
 .eh_frame      0x0000000000051250      0x110 build/p_floor.o
                                        0x128 (size before relaxing)
 .eh_frame      0x0000000000051360      0x188 build/p_inter.o
                                        0x1a0 (size before relaxing)
 .eh_frame      0x00000000000514e8      0x1d0 build/p_lights.o
                                        0x1e8 (size before relaxing)
 .eh_frame      0x00000000000516b8      0x430 build/p_map.o
                                        0x448 (size before relaxing)
 .eh_frame      0x0000000000051ae8      0x318 build/p_maputl.o
                                        0x330 (size before relaxing)
 .eh_frame      0x0000000000051e00      0x3e8 build/p_mobj.o
                                        0x400 (size before relaxing)
 .eh_frame      0x00000000000521e8      0x100 build/p_plats.o
                                        0x118 (size before relaxing)
 .eh_frame      0x00000000000522e8      0x440 build/p_pspr.o
                                        0x458 (size before relaxing)
 .eh_frame      0x0000000000052728      0x448 build/p_saveg.o
                                        0x460 (size before relaxing)
 .eh_frame      0x0000000000052b70      0x298 build/p_setup.o
                                        0x2b0 (size before relaxing)
 .eh_frame      0x0000000000052e08      0x110 build/p_sight.o
                                        0x128 (size before relaxing)
 .eh_frame      0x0000000000052f18      0x2e8 build/p_spec.o
                                        0x300 (size before relaxing)
 .eh_frame      0x0000000000053200       0xd8 build/p_switch.o
                                         0xf0 (size before relaxing)
 .eh_frame      0x00000000000532d8       0x40 build/p_telept.o
                                         0x58 (size before relaxing)
 .eh_frame      0x0000000000053318       0xa8 build/p_tick.o
                                         0xc0 (size before relaxing)
 .eh_frame      0x00000000000533c0       0xc0 build/p_user.o
                                         0xd8 (size before relaxing)
 .eh_frame      0x0000000000053480      0x190 build/r_bsp.o
                                        0x1a8 (size before relaxing)
 .eh_frame      0x0000000000053610      0x280 build/r_data.o
                                        0x298 (size before relaxing)
 .eh_frame      0x0000000000053890      0x1f0 build/r_draw.o
                                        0x208 (size before relaxing)
 .eh_frame      0x0000000000053a80      0x268 build/r_main.o
                                        0x280 (size before relaxing)
 .eh_frame      0x0000000000053ce8      0x178 build/r_plane.o
                                        0x190 (size before relaxing)
 .eh_frame      0x0000000000053e60       0xf0 build/r_segs.o
                                        0x108 (size before relaxing)
 .eh_frame      0x0000000000053f50       0x18 build/r_sky.o
                                         0x30 (size before relaxing)
 .eh_frame      0x0000000000053f68      0x2f0 build/r_things.o
                                        0x308 (size before relaxing)
 .eh_frame      0x0000000000054258      0x110 build/sha1.o
                                        0x128 (size before relaxing)
 .eh_frame      0x0000000000054368       0x30 build/statdump.o
                                         0x48 (size before relaxing)
 .eh_frame      0x0000000000054398      0x190 build/st_lib.o
                                        0x1a8 (size before relaxing)
 .eh_frame      0x0000000000054528      0x2e0 build/st_stuff.o
                                        0x2f8 (size before relaxing)
 .eh_frame      0x0000000000054808      0x250 build/s_sound.o
                                        0x268 (size before relaxing)
 .eh_frame      0x0000000000054a58       0x18 build/tables.o
                                         0x30 (size before relaxing)
 .eh_frame      0x0000000000054a70      0x410 build/v_video.o
                                        0x428 (size before relaxing)
 .eh_frame      0x0000000000054e80      0x670 build/wi_stuff.o
                                        0x688 (size before relaxing)
 .eh_frame      0x00000000000554f0       0x50 build/w_checksum.o
                                         0x68 (size before relaxing)
 .eh_frame      0x0000000000055540       0x48 build/w_file.o
                                         0x60 (size before relaxing)
 .eh_frame      0x0000000000055588       0x48 build/w_main.o
                                         0x60 (size before relaxing)
 .eh_frame      0x00000000000555d0      0x270 build/w_wad.o
                                        0x288 (size before relaxing)
 .eh_frame      0x0000000000055840      0x228 build/z_zone.o
                                        0x240 (size before relaxing)
 .eh_frame      0x0000000000055a68       0x70 build/w_file_stdc.o
                                         0x88 (size before relaxing)
 .eh_frame      0x0000000000055ad8       0x60 build/i_input.o
                                         0x78 (size before relaxing)
 .eh_frame      0x0000000000055b38      0x238 build/i_video.o
                                        0x250 (size before relaxing)
 .eh_frame      0x0000000000055d70       0x18 build/doomgeneric.o
                                         0x30 (size before relaxing)